------------------------------------------------------------
TimeQuest Timing Analyzer Summary
------------------------------------------------------------

Type  : Slow 1100mV 85C Model Setup 'clock50'
Slack : 3.177
TNS   : 0.000

Type  : Slow 1100mV 85C Model Hold 'clock50'
Slack : 0.234
TNS   : 0.000

Type  : Slow 1100mV 85C Model Recovery 'clock50'
Slack : 13.271
TNS   : 0.000

Type  : Slow 1100mV 85C Model Removal 'clock50'
Slack : 1.200
TNS   : 0.000

Type  : Slow 1100mV 85C Model Minimum Pulse Width 'clock50'
Slack : 9.267
TNS   : 0.000

Type  : Slow 1100mV 0C Model Setup 'clock50'
Slack : 3.240
TNS   : 0.000

Type  : Slow 1100mV 0C Model Hold 'clock50'
Slack : 0.220
TNS   : 0.000

Type  : Slow 1100mV 0C Model Recovery 'clock50'
Slack : 13.232
TNS   : 0.000

Type  : Slow 1100mV 0C Model Removal 'clock50'
Slack : 1.147
TNS   : 0.000

Type  : Slow 1100mV 0C Model Minimum Pulse Width 'clock50'
Slack : 9.266
TNS   : 0.000

Type  : Fast 1100mV 85C Model Setup 'clock50'
Slack : 7.832
TNS   : 0.000

Type  : Fast 1100mV 85C Model Hold 'clock50'
Slack : 0.136
TNS   : 0.000

Type  : Fast 1100mV 85C Model Recovery 'clock50'
Slack : 15.371
TNS   : 0.000

Type  : Fast 1100mV 85C Model Removal 'clock50'
Slack : 0.704
TNS   : 0.000

Type  : Fast 1100mV 85C Model Minimum Pulse Width 'clock50'
Slack : 9.224
TNS   : 0.000

Type  : Fast 1100mV 0C Model Setup 'clock50'
Slack : 8.242
TNS   : 0.000

Type  : Fast 1100mV 0C Model Hold 'clock50'
Slack : 0.126
TNS   : 0.000

Type  : Fast 1100mV 0C Model Recovery 'clock50'
Slack : 15.642
TNS   : 0.000

Type  : Fast 1100mV 0C Model Removal 'clock50'
Slack : 0.652
TNS   : 0.000

Type  : Fast 1100mV 0C Model Minimum Pulse Width 'clock50'
Slack : 9.220
TNS   : 0.000

------------------------------------------------------------
